

================================================================
== Vivado HLS Report for 'gaussian_loopFusion'
================================================================
* Date:           Mon Dec  5 12:19:52 2016

* Version:        2013.2 (build date: Thu Jun 13 16:07:59 PM 2013)
* Project:        gaussian
* Solution:       solution1
* Product family: zynq zynq_fpv6 
* Target device:  xc7z010clg400-1


================================================================
== Performance Estimates
================================================================
+ Timing (ns): 
    * Summary: 
    +---------+-------+----------+------------+
    |  Clock  | Target| Estimated| Uncertainty|
    +---------+-------+----------+------------+
    |default  |  10.00|      8.09|        1.25|
    +---------+-------+----------+------------+

+ Latency (clock cycles): 
    * Summary: 
    +----------+----------+----------+----------+---------+
    |       Latency       |       Interval      | Pipeline|
    |    min   |    max   |    min   |    max   |   Type  |
    +----------+----------+----------+----------+---------+
    |  74529768|  74529768|  74529768|  74529768|   none  |
    +----------+----------+----------+----------+---------+

    + Detail: 
        * Instance: 
        N/A

        * Loop: 
        +-------------+----------+----------+----------+-----------+-----------+------+----------+
        |             |       Latency       | Iteration|  Initiation Interval  | Trip |          |
        |  Loop Name  |    min   |    max   |  Latency |  achieved |   target  | Count| Pipelined|
        +-------------+----------+----------+----------+-----------+-----------+------+----------+
        |- Loop 1     |  74529767|  74529767|     69073|          -|          -|  1079|    no    |
        | + Loop 1.1  |     69048|     69048|        36|          -|          -|  1918|    no    |
        +-------------+----------+----------+----------+-----------+-----------+------+----------+



================================================================
== Utilization Estimates
================================================================
* Summary: 
+-----------------+---------+-------+-------+-------+
|       Name      | BRAM_18K| DSP48E|   FF  |  LUT  |
+-----------------+---------+-------+-------+-------+
|Expression       |        -|      -|      0|    259|
|FIFO             |        -|      -|      -|      -|
|Instance         |        -|      8|   1405|   2592|
|Memory           |     4064|      -|      0|      0|
|Multiplexer      |        -|      -|      -|    245|
|Register         |        -|      -|    698|      -|
|ShiftMemory      |        -|      -|      -|      -|
+-----------------+---------+-------+-------+-------+
|Total            |     4064|      8|   2103|   3096|
+-----------------+---------+-------+-------+-------+
|Available        |      120|     80|  35200|  17600|
+-----------------+---------+-------+-------+-------+
|Utilization (%)  |     3386|     10|      5|     17|
+-----------------+---------+-------+-------+-------+

+ Detail: 
    * Instance: 
    +------------------------------------------+---------------------------------------+---------+-------+-----+-----+
    |                 Instance                 |                 Module                | BRAM_18K| DSP48E|  FF | LUT |
    +------------------------------------------+---------------------------------------+---------+-------+-----+-----+
    |gaussian_fadd_32ns_32ns_32_5_full_dsp_U1  |gaussian_fadd_32ns_32ns_32_5_full_dsp  |        0|      2|  205|  390|
    |gaussian_fmul_32ns_32ns_32_4_max_dsp_U2   |gaussian_fmul_32ns_32ns_32_4_max_dsp   |        0|      3|  143|  321|
    |gaussian_fmul_32ns_32ns_32_4_max_dsp_U3   |gaussian_fmul_32ns_32ns_32_4_max_dsp   |        0|      3|  143|  321|
    |gaussian_fptoui_32ns_64_4_U4              |gaussian_fptoui_32ns_64_4              |        0|      0|  234|  452|
    |gaussian_sitofp_64ns_32_6_U5              |gaussian_sitofp_64ns_32_6              |        0|      0|  340|  554|
    |gaussian_sitofp_64ns_32_6_U6              |gaussian_sitofp_64ns_32_6              |        0|      0|  340|  554|
    +------------------------------------------+---------------------------------------+---------+-------+-----+-----+
    |Total                                     |                                       |        0|      8| 1405| 2592|
    +------------------------------------------+---------------------------------------+---------+-------+-----+-----+

    * Memory: 
    +-------+-------------------------+---------+---------+-----+------+-------------+
    | Memory|          Module         | BRAM_18K|  Words  | Bits| Banks| W*Bits*Banks|
    +-------+-------------------------+---------+---------+-----+------+-------------+
    |tmp_U  |gaussian_loopFusion_tmp  |     4064|  2073600|   32|     1|     66355200|
    +-------+-------------------------+---------+---------+-----+------+-------------+
    |Total  |                         |     4064|  2073600|   32|     1|     66355200|
    +-------+-------------------------+---------+---------+-----+------+-------------+

    * FIFO: 
    N/A

    * Shift register: 
    N/A

    * Expression: 
    +---------------------+----------+-------+---+----+------------+------------+
    |    Variable Name    | Operation| DSP48E| FF| LUT| Bitwidth P0| Bitwidth P1|
    +---------------------+----------+-------+---+----+------------+------------+
    |i_fu_285_p2          |     +    |      0|  0|  11|          11|           1|
    |j_fu_536_p2          |     +    |      0|  0|  11|          11|           2|
    |p_addr1_fu_580_p2    |     +    |      0|  0|  24|          24|          24|
    |p_addr4_fu_566_p2    |     +    |      0|  0|  24|          24|          24|
    |p_addr7_fu_552_p2    |     +    |      0|  0|  24|          24|          24|
    |tmp6_fu_530_p2       |     +    |      0|  0|  11|          11|           1|
    |tmp_1_1_fu_279_p2    |     +    |      0|  0|  11|          11|           2|
    |tmp_addr3_fu_612_p2  |     +    |      0|  0|  24|          24|          24|
    |tmp_addr4_fu_629_p2  |     +    |      0|  0|  24|          24|          24|
    |p_addr2_fu_360_p2    |     -    |      0|  0|  23|          23|          23|
    |p_addr3_fu_469_p2    |     -    |      0|  0|  23|          23|          23|
    |p_addr_fu_321_p2     |     -    |      0|  0|  23|          23|          23|
    |exitcond1_fu_542_p2  |   icmp   |      0|  0|  13|          11|           9|
    |exitcond_fu_291_p2   |   icmp   |      0|  0|  13|          11|          11|
    +---------------------+----------+-------+---+----+------------+------------+
    |Total                |          |      0|  0| 259|         255|         215|
    +---------------------+----------+-------+---+----+------------+------------+

    * Multiplexer: 
    +-----------------+----+-----------+-----+-----------+
    |       Name      | LUT| Input Size| Bits| Total Bits|
    +-----------------+----+-----------+-----+-----------+
    |grp_fu_206_p0    |  32|          4|   32|        128|
    |grp_fu_206_p1    |  32|          4|   32|        128|
    |grp_fu_210_p0    |  32|          4|   32|        128|
    |grp_fu_215_p0    |  32|          3|   32|         96|
    |grp_fu_225_p0    |  16|          6|   16|         96|
    |grp_fu_228_p0    |  16|          3|   16|         48|
    |in_r_address0    |  21|          5|   21|        105|
    |in_r_address1    |  21|          4|   21|         84|
    |indvar1_reg_182  |  11|          2|   11|         22|
    |indvar_reg_193   |  11|          2|   11|         22|
    |tmp_address0     |  21|          4|   21|         84|
    +-----------------+----+-----------+-----+-----------+
    |Total            | 245|         41|  245|        941|
    +-----------------+----+-----------+-----+-----------+

    * Register: 
    +-----------------------+----+-----+-----------+
    |          Name         | FF | Bits| Const Bits|
    +-----------------------+----+-----+-----------+
    |ap_CS_fsm              |   6|    6|          0|
    |i_reg_653              |  11|   11|          0|
    |indvar1_reg_182        |  11|   11|          0|
    |indvar_reg_193         |  11|   11|          0|
    |p_addr1_reg_812        |  24|   24|          0|
    |p_addr2_cast1_reg_776  |  17|   24|          7|
    |p_addr2_reg_671        |  16|   23|          7|
    |p_addr3_cast1_reg_783  |  17|   24|          7|
    |p_addr3_reg_731        |  16|   23|          7|
    |p_addr_cast1_reg_771   |  17|   24|          7|
    |p_addr_reg_661         |  16|   23|          7|
    |reg_231                |  16|   16|          0|
    |reg_235                |  16|   16|          0|
    |reg_239                |  32|   32|          0|
    |reg_244                |  32|   32|          0|
    |reg_249                |  32|   32|          0|
    |reg_254                |  32|   32|          0|
    |reg_260                |  32|   32|          0|
    |reg_265                |  32|   32|          0|
    |reg_271                |  32|   32|          0|
    |tmp6_reg_788           |  11|   11|          0|
    |tmp_17_reg_751         |  32|   32|          0|
    |tmp_18_reg_761         |  32|   32|          0|
    |tmp_19_reg_766         |  32|   32|          0|
    |tmp_1_1_reg_647        |  11|   11|          0|
    |tmp_1_2_reg_686        |  16|   22|          6|
    |tmp_44_reg_676         |  25|   64|         39|
    |tmp_50_reg_691         |  16|   22|          6|
    |tmp_52_reg_701         |  25|   64|         39|
    |tmp_57_reg_802         |  32|   64|         32|
    |tmp_60_reg_842         |  32|   64|         32|
    |tmp_61_reg_862         |  16|   16|          0|
    +-----------------------+----+-----+-----------+
    |Total                  | 698|  894|        196|
    +-----------------------+----+-----+-----------+



================================================================
== Interface
================================================================
* Summary: 
+----------------+-----+-----+-----------+---------------------+--------------+
|    RTL Ports   | Dir | Bits|  Protocol |    Source Object    |    C Type    |
+----------------+-----+-----+-----------+---------------------+--------------+
|ap_clk          |  in |    1|          -| gaussian_loopFusion | return value |
|ap_rst          |  in |    1|          -| gaussian_loopFusion | return value |
|ap_start        |  in |    1|          -| gaussian_loopFusion | return value |
|ap_done         | out |    1|          -| gaussian_loopFusion | return value |
|ap_idle         | out |    1|          -| gaussian_loopFusion | return value |
|ap_ready        | out |    1|          -| gaussian_loopFusion | return value |
|in_r_address0   | out |   21| ap_memory |         in_r        |     array    |
|in_r_ce0        | out |    1| ap_memory |         in_r        |     array    |
|in_r_q0         |  in |   16| ap_memory |         in_r        |     array    |
|in_r_address1   | out |   21| ap_memory |         in_r        |     array    |
|in_r_ce1        | out |    1| ap_memory |         in_r        |     array    |
|in_r_q1         |  in |   16| ap_memory |         in_r        |     array    |
|out_r_address0  | out |   21| ap_memory |        out_r        |     array    |
|out_r_ce0       | out |    1| ap_memory |        out_r        |     array    |
|out_r_we0       | out |    1| ap_memory |        out_r        |     array    |
|out_r_d0        | out |   16| ap_memory |        out_r        |     array    |
+----------------+-----+-----+-----------+---------------------+--------------+

