

================================================================
== Vivado HLS Report for 'gaussian'
================================================================
* Date:           Mon Nov 28 09:50:02 2016

* Version:        2013.2 (build date: Thu Jun 13 16:07:59 PM 2013)
* Project:        gaussian
* Solution:       solution1
* Product family: zynq zynq_fpv6 
* Target device:  xc7z010clg400-1


================================================================
== Performance Estimates
================================================================
+ Timing (ns): 
    * Summary: 
    +---------+-------+----------+------------+
    |  Clock  | Target| Estimated| Uncertainty|
    +---------+-------+----------+------------+
    |default  |  10.00|      7.26|        1.25|
    +---------+-------+----------+------------+

+ Latency (clock cycles): 
    * Summary: 
    +-----------+-----------+-----------+-----------+---------+
    |        Latency        |        Interval       | Pipeline|
    |    min    |    max    |    min    |    max    |   Type  |
    +-----------+-----------+-----------+-----------+---------+
    |  117855585|  117855585|  117855586|  117855586|   none  |
    +-----------+-----------+-----------+-----------+---------+

    + Detail: 
        * Instance: 
        N/A

        * Loop: 
        +-------------+-----------+-----------+----------+-----------+-----------+------+----------+
        |             |        Latency        | Iteration|  Initiation Interval  | Trip |          |
        |  Loop Name  |    min    |    max    |  Latency |  achieved |   target  | Count| Pipelined|
        +-------------+-----------+-----------+----------+-----------+-----------+------+----------+
        |- Loop 1     |  117855584|  117855584|    109328|          -|          -|  1078|    no    |
        | + Loop 1.1  |     109326|     109326|        57|          -|          -|  1918|    no    |
        +-------------+-----------+-----------+----------+-----------+-----------+------+----------+



================================================================
== Utilization Estimates
================================================================
* Summary: 
+-----------------+---------+-------+-------+-------+
|       Name      | BRAM_18K| DSP48E|   FF  |  LUT  |
+-----------------+---------+-------+-------+-------+
|Expression       |        -|      -|      0|    355|
|FIFO             |        -|      -|      -|      -|
|Instance         |        -|      8|   1405|   2592|
|Memory           |        -|      -|      -|      -|
|Multiplexer      |        -|      -|      -|    181|
|Register         |        -|      -|    483|      -|
|ShiftMemory      |        -|      -|      -|      -|
+-----------------+---------+-------+-------+-------+
|Total            |        0|      8|   1888|   3128|
+-----------------+---------+-------+-------+-------+
|Available        |      120|     80|  35200|  17600|
+-----------------+---------+-------+-------+-------+
|Utilization (%)  |        0|     10|      5|     17|
+-----------------+---------+-------+-------+-------+

+ Detail: 
    * Instance: 
    +------------------------------------------+---------------------------------------+---------+-------+-----+-----+
    |                 Instance                 |                 Module                | BRAM_18K| DSP48E|  FF | LUT |
    +------------------------------------------+---------------------------------------+---------+-------+-----+-----+
    |gaussian_fadd_32ns_32ns_32_5_full_dsp_U1  |gaussian_fadd_32ns_32ns_32_5_full_dsp  |        0|      2|  205|  390|
    |gaussian_fmul_32ns_32ns_32_4_max_dsp_U2   |gaussian_fmul_32ns_32ns_32_4_max_dsp   |        0|      3|  143|  321|
    |gaussian_fmul_32ns_32ns_32_4_max_dsp_U3   |gaussian_fmul_32ns_32ns_32_4_max_dsp   |        0|      3|  143|  321|
    |gaussian_fptoui_32ns_64_4_U4              |gaussian_fptoui_32ns_64_4              |        0|      0|  234|  452|
    |gaussian_sitofp_64ns_32_6_U5              |gaussian_sitofp_64ns_32_6              |        0|      0|  340|  554|
    |gaussian_sitofp_64ns_32_6_U6              |gaussian_sitofp_64ns_32_6              |        0|      0|  340|  554|
    +------------------------------------------+---------------------------------------+---------+-------+-----+-----+
    |Total                                     |                                       |        0|      8| 1405| 2592|
    +------------------------------------------+---------------------------------------+---------+-------+-----+-----+

    * Memory: 
    N/A

    * FIFO: 
    N/A

    * Shift register: 
    N/A

    * Expression: 
    +---------------------+----------+-------+---+----+------------+------------+
    |    Variable Name    | Operation| DSP48E| FF| LUT| Bitwidth P0| Bitwidth P1|
    +---------------------+----------+-------+---+----+------------+------------+
    |i_fu_216_p2          |     +    |      0|  0|  11|          11|           1|
    |j_fu_234_p2          |     +    |      0|  0|  11|          11|           1|
    |p_addr10_fu_414_p2   |     +    |      0|  0|  24|          24|          24|
    |p_addr11_fu_401_p2   |     +    |      0|  0|  24|          24|          24|
    |p_addr1_fu_469_p2    |     +    |      0|  0|  24|          24|          24|
    |p_addr2_fu_284_p2    |     +    |      0|  0|  24|          24|          24|
    |p_addr3_fu_303_p2    |     +    |      0|  0|  24|          24|          24|
    |p_addr4_fu_464_p2    |     +    |      0|  0|  24|          24|          24|
    |p_addr5_fu_331_p2    |     +    |      0|  0|  24|          24|          24|
    |p_addr7_fu_459_p2    |     +    |      0|  0|  24|          24|          24|
    |p_addr9_fu_382_p2    |     +    |      0|  0|  24|          24|          24|
    |tmp6_i_fu_228_p2     |     +    |      0|  0|  11|          11|           2|
    |tmp_i_12_fu_210_p2   |     +    |      0|  0|  11|          11|           2|
    |p_addr6_fu_449_p2    |     -    |      0|  0|  23|          23|          23|
    |p_addr8_fu_372_p2    |     -    |      0|  0|  23|          23|          23|
    |p_addr_fu_274_p2     |     -    |      0|  0|  23|          23|          23|
    |exitcond1_fu_240_p2  |   icmp   |      0|  0|  13|          11|           9|
    |exitcond_fu_222_p2   |   icmp   |      0|  0|  13|          11|          11|
    +---------------------+----------+-------+---+----+------------+------------+
    |Total                |          |      0|  0| 355|         351|         311|
    +---------------------+----------+-------+---+----+------------+------------+

    * Multiplexer: 
    +-------------------+----+-----------+-----+-----------+
    |        Name       | LUT| Input Size| Bits| Total Bits|
    +-------------------+----+-----------+-----+-----------+
    |grp_fu_159_p0      |  32|          2|   32|         64|
    |grp_fu_159_p1      |  32|          2|   32|         64|
    |grp_fu_163_p1      |  21|          4|   21|         84|
    |grp_fu_179_p0      |  32|          8|   16|        128|
    |in_r_address0      |  21|          6|   21|        126|
    |in_r_address1      |  21|          3|   21|         63|
    |indvar1_i_reg_135  |  11|          2|   11|         22|
    |indvar_i_reg_147   |  11|          2|   11|         22|
    +-------------------+----+-----------+-----+-----------+
    |Total              | 181|         29|  165|        573|
    +-------------------+----+-----------+-----+-----------+

    * Register: 
    +---------------------------+----+-----+-----------+
    |            Name           | FF | Bits| Const Bits|
    +---------------------------+----+-----+-----------+
    |ap_CS_fsm                  |   6|    6|          0|
    |i_reg_531                  |  11|   11|          0|
    |in_load_7_reg_678          |  16|   16|          0|
    |in_load_8_reg_688          |  16|   16|          0|
    |indvar1_i_reg_135          |  11|   11|          0|
    |indvar_i_reg_147           |  11|   11|          0|
    |j_reg_546                  |  11|   11|          0|
    |p_addr1_reg_658            |  24|   24|          0|
    |p_addr4_reg_653            |  24|   24|          0|
    |p_addr7_reg_648            |  24|   24|          0|
    |p_addr8_cast_reg_612       |  17|   24|          7|
    |p_addr_cast_reg_560        |  17|   24|          7|
    |reg_185                    |  16|   16|          0|
    |reg_189                    |  16|   16|          0|
    |reg_193                    |  32|   32|          0|
    |reg_198                    |  32|   32|          0|
    |reg_204                    |  32|   32|          0|
    |tmp6_i_reg_541             |  11|   11|          0|
    |tmp_10_i_reg_623           |  32|   32|          0|
    |tmp_12_i_trn_cast_reg_591  |  11|   24|         13|
    |tmp_14_reg_713             |  16|   16|          0|
    |tmp_4_i_trn_cast_reg_554   |  11|   24|         13|
    |tmp_8_i_trn_cast_reg_570   |  11|   24|         13|
    |tmp_8_reg_633              |  32|   64|         32|
    |tmp_i_12_reg_525           |  11|   11|          0|
    |tmp_i_reg_602              |  32|   32|          0|
    +---------------------------+----+-----+-----------+
    |Total                      | 483|  568|         85|
    +---------------------------+----+-----+-----------+



================================================================
== Interface
================================================================
* Summary: 
+----------------+-----+-----+------------+--------------+--------------+
|    RTL Ports   | Dir | Bits|  Protocol  | Source Object|    C Type    |
+----------------+-----+-----+------------+--------------+--------------+
|ap_clk          |  in |    1| ap_ctrl_hs |   gaussian   | return value |
|ap_rst          |  in |    1| ap_ctrl_hs |   gaussian   | return value |
|ap_start        |  in |    1| ap_ctrl_hs |   gaussian   | return value |
|ap_done         | out |    1| ap_ctrl_hs |   gaussian   | return value |
|ap_idle         | out |    1| ap_ctrl_hs |   gaussian   | return value |
|ap_ready        | out |    1| ap_ctrl_hs |   gaussian   | return value |
|in_r_address0   | out |   21|  ap_memory |     in_r     |     array    |
|in_r_ce0        | out |    1|  ap_memory |     in_r     |     array    |
|in_r_q0         |  in |   16|  ap_memory |     in_r     |     array    |
|in_r_address1   | out |   21|  ap_memory |     in_r     |     array    |
|in_r_ce1        | out |    1|  ap_memory |     in_r     |     array    |
|in_r_q1         |  in |   16|  ap_memory |     in_r     |     array    |
|out_r_address0  | out |   21|  ap_memory |     out_r    |     array    |
|out_r_ce0       | out |    1|  ap_memory |     out_r    |     array    |
|out_r_we0       | out |    1|  ap_memory |     out_r    |     array    |
|out_r_d0        | out |   16|  ap_memory |     out_r    |     array    |
+----------------+-----+-----+------------+--------------+--------------+

