

================================================================
== Vivado HLS Report for 'gaussian_scalarized'
================================================================
* Date:           Tue Dec 13 11:36:07 2016

* Version:        2013.2 (build date: Thu Jun 13 16:07:59 PM 2013)
* Project:        gaussian
* Solution:       solution1
* Product family: zynq zynq_fpv6 
* Target device:  xc7z010clg400-1


================================================================
== Performance Estimates
================================================================
+ Timing (ns): 
    * Summary: 
    +---------+-------+----------+------------+
    |  Clock  | Target| Estimated| Uncertainty|
    +---------+-------+----------+------------+
    |default  |  10.00|      7.26|        1.25|
    +---------+-------+----------+------------+

+ Latency (clock cycles): 
    * Summary: 
    +---------+---------+---------+---------+---------+
    |      Latency      |      Interval     | Pipeline|
    |   min   |   max   |   min   |   max   |   Type  |
    +---------+---------+---------+---------+---------+
    |  4205943|  4205943|  4205943|  4205943|   none  |
    +---------+---------+---------+---------+---------+

    + Detail: 
        * Instance: 
        N/A

        * Loop: 
        +----------------------------------------+---------+---------+----------+-----------+-----------+------+----------+
        |                                        |      Latency      | Iteration|  Initiation Interval  | Trip |          |
        |                Loop Name               |   min   |   max   |  Latency |  achieved |   target  | Count| Pipelined|
        +----------------------------------------+---------+---------+----------+-----------+-----------+------+----------+
        |- Loop 1                                |  4205942|  4205942|      3898|          -|          -|  1079|    no    |
        | + gaussian_scalarized_label0_pipeline  |     3873|     3873|        40|          2|          1|  1918|    yes   |
        +----------------------------------------+---------+---------+----------+-----------+-----------+------+----------+



================================================================
== Utilization Estimates
================================================================
* Summary: 
+-----------------+---------+-------+-------+-------+
|       Name      | BRAM_18K| DSP48E|   FF  |  LUT  |
+-----------------+---------+-------+-------+-------+
|Expression       |        -|      -|      0|    235|
|FIFO             |        -|      -|      -|      -|
|Instance         |        -|     16|   2576|   4732|
|Memory           |        -|      -|      -|      -|
|Multiplexer      |        -|      -|      -|    444|
|Register         |        -|      -|    945|      -|
|ShiftMemory      |        -|      -|      0|     76|
+-----------------+---------+-------+-------+-------+
|Total            |        0|     16|   3521|   5487|
+-----------------+---------+-------+-------+-------+
|Available        |      120|     80|  35200|  17600|
+-----------------+---------+-------+-------+-------+
|Utilization (%)  |        0|     20|     10|     31|
+-----------------+---------+-------+-------+-------+

+ Detail: 
    * Instance: 
    +------------------------------------------+---------------------------------------+---------+-------+-----+-----+
    |                 Instance                 |                 Module                | BRAM_18K| DSP48E|  FF | LUT |
    +------------------------------------------+---------------------------------------+---------+-------+-----+-----+
    |gaussian_fadd_32ns_32ns_32_5_full_dsp_U1  |gaussian_fadd_32ns_32ns_32_5_full_dsp  |        0|      2|  205|  390|
    |gaussian_fadd_32ns_32ns_32_5_full_dsp_U2  |gaussian_fadd_32ns_32ns_32_5_full_dsp  |        0|      2|  205|  390|
    |gaussian_fmul_32ns_32ns_32_4_max_dsp_U3   |gaussian_fmul_32ns_32ns_32_4_max_dsp   |        0|      3|  143|  321|
    |gaussian_fmul_32ns_32ns_32_4_max_dsp_U4   |gaussian_fmul_32ns_32ns_32_4_max_dsp   |        0|      3|  143|  321|
    |gaussian_fmul_32ns_32ns_32_4_max_dsp_U5   |gaussian_fmul_32ns_32ns_32_4_max_dsp   |        0|      3|  143|  321|
    |gaussian_fmul_32ns_32ns_32_4_max_dsp_U6   |gaussian_fmul_32ns_32ns_32_4_max_dsp   |        0|      3|  143|  321|
    |gaussian_fptoui_32ns_64_4_U7              |gaussian_fptoui_32ns_64_4              |        0|      0|  234|  452|
    |gaussian_sitofp_64ns_32_6_U8              |gaussian_sitofp_64ns_32_6              |        0|      0|  340|  554|
    |gaussian_sitofp_64ns_32_6_U9              |gaussian_sitofp_64ns_32_6              |        0|      0|  340|  554|
    |gaussian_sitofp_64ns_32_6_U10             |gaussian_sitofp_64ns_32_6              |        0|      0|  340|  554|
    |gaussian_sitofp_64ns_32_6_U11             |gaussian_sitofp_64ns_32_6              |        0|      0|  340|  554|
    +------------------------------------------+---------------------------------------+---------+-------+-----+-----+
    |Total                                     |                                       |        0|     16| 2576| 4732|
    +------------------------------------------+---------------------------------------+---------+-------+-----+-----+

    * Memory: 
    N/A

    * FIFO: 
    N/A

    * Shift register: 
    +-------------------+---+----+-----+-----------+
    |        Name       | FF| LUT| Bits| Const Bits|
    +-------------------+---+----+-----+-----------+
    |exitcond1_reg_768  |  0|   1|    1|          0|
    |tmp6_reg_787       |  0|  11|   11|          0|
    |tmp_33_reg_818     |  0|  32|   32|          0|
    |tmp_37_reg_839     |  0|  32|   32|          0|
    +-------------------+---+----+-----+-----------+
    |Total              |  0|  76|   76|          0|
    +-------------------+---+----+-----+-----------+

    * Expression: 
    +---------------------+----------+-------+---+----+------------+------------+
    |    Variable Name    | Operation| DSP48E| FF| LUT| Bitwidth P0| Bitwidth P1|
    +---------------------+----------+-------+---+----+------------+------------+
    |i_fu_290_p2          |     +    |      0|  0|  11|          11|           1|
    |j_fu_541_p2          |     +    |      0|  0|  11|          11|           2|
    |p_addr1_fu_579_p2    |     +    |      0|  0|  24|          24|          24|
    |p_addr4_fu_565_p2    |     +    |      0|  0|  24|          24|          24|
    |p_addr7_fu_551_p2    |     +    |      0|  0|  24|          24|          24|
    |p_addr9_fu_620_p2    |     +    |      0|  0|  24|          24|          24|
    |tmp6_fu_584_p2       |     +    |      0|  0|  11|          11|           1|
    |tmp_fu_444_p2        |     +    |      0|  0|  11|          11|           2|
    |p_addr2_fu_359_p2    |     -    |      0|  0|  23|          23|          23|
    |p_addr3_fu_474_p2    |     -    |      0|  0|  23|          23|          23|
    |p_addr_fu_320_p2     |     -    |      0|  0|  23|          23|          23|
    |exitcond1_fu_535_p2  |   icmp   |      0|  0|  13|          11|           9|
    |exitcond_fu_284_p2   |   icmp   |      0|  0|  13|          11|          11|
    +---------------------+----------+-------+---+----+------------+------------+
    |Total                |          |      0|  0| 235|         231|         191|
    +---------------------+----------+-------+---+----+------------+------------+

    * Multiplexer: 
    +----------------------+----+-----------+-----+-----------+
    |         Name         | LUT| Input Size| Bits| Total Bits|
    +----------------------+----+-----------+-----+-----------+
    |grp_fu_191_p0         |  32|          3|   32|         96|
    |grp_fu_191_p1         |  32|          3|   32|         96|
    |grp_fu_195_p0         |  32|          3|   32|         96|
    |grp_fu_195_p1         |  32|          4|   32|        128|
    |grp_fu_199_p0         |  32|          2|   32|         64|
    |grp_fu_204_p0         |  32|          2|   32|         64|
    |grp_fu_204_p1         |  17|          2|   17|         34|
    |grp_fu_209_p0         |  32|          3|   32|         96|
    |grp_fu_225_p0         |  16|          4|   16|         64|
    |grp_fu_228_p0         |  16|          3|   16|         48|
    |in_r_address0         |  21|          5|   21|        105|
    |in_r_address1         |  21|          4|   21|         84|
    |indvar1_reg_145       |  11|          2|   11|         22|
    |indvar_phi_fu_161_p4  |  11|          2|   11|         22|
    |indvar_reg_157        |  11|          2|   11|         22|
    |tmp0_1_phi_fu_182_p4  |  32|          2|   32|         64|
    |tmp0_1_reg_179        |  32|          2|   32|         64|
    |tmp1_3_reg_169        |  32|          2|   32|         64|
    +----------------------+----+-----------+-----+-----------+
    |Total                 | 444|         50|  444|       1233|
    +----------------------+----+-----------+-----+-----------+

    * Register: 
    +------------------------+----+-----+-----------+
    |          Name          | FF | Bits| Const Bits|
    +------------------------+----+-----+-----------+
    |ap_CS_fsm               |   5|    5|          0|
    |ap_reg_ppiten_pp0_it0   |   1|    1|          0|
    |ap_reg_ppiten_pp0_it1   |   1|    1|          0|
    |ap_reg_ppiten_pp0_it10  |   1|    1|          0|
    |ap_reg_ppiten_pp0_it11  |   1|    1|          0|
    |ap_reg_ppiten_pp0_it12  |   1|    1|          0|
    |ap_reg_ppiten_pp0_it13  |   1|    1|          0|
    |ap_reg_ppiten_pp0_it14  |   1|    1|          0|
    |ap_reg_ppiten_pp0_it15  |   1|    1|          0|
    |ap_reg_ppiten_pp0_it16  |   1|    1|          0|
    |ap_reg_ppiten_pp0_it17  |   1|    1|          0|
    |ap_reg_ppiten_pp0_it18  |   1|    1|          0|
    |ap_reg_ppiten_pp0_it19  |   1|    1|          0|
    |ap_reg_ppiten_pp0_it2   |   1|    1|          0|
    |ap_reg_ppiten_pp0_it3   |   1|    1|          0|
    |ap_reg_ppiten_pp0_it4   |   1|    1|          0|
    |ap_reg_ppiten_pp0_it5   |   1|    1|          0|
    |ap_reg_ppiten_pp0_it6   |   1|    1|          0|
    |ap_reg_ppiten_pp0_it7   |   1|    1|          0|
    |ap_reg_ppiten_pp0_it8   |   1|    1|          0|
    |ap_reg_ppiten_pp0_it9   |   1|    1|          0|
    |exitcond1_reg_768       |   1|    1|          0|
    |i_reg_637               |  11|   11|          0|
    |in_load_3_reg_682       |  16|   16|          0|
    |in_load_4_reg_687       |  16|   16|          0|
    |indvar1_reg_145         |  11|   11|          0|
    |indvar_reg_157          |  11|   11|          0|
    |p_addr1_reg_782         |  24|   24|          0|
    |p_addr2_cast1_reg_757   |  17|   24|          7|
    |p_addr2_reg_652         |  16|   23|          7|
    |p_addr3_cast1_reg_763   |  17|   24|          7|
    |p_addr3_reg_712         |  16|   23|          7|
    |p_addr_cast1_reg_752    |  17|   24|          7|
    |p_addr_reg_642          |  16|   23|          7|
    |reg_237                 |  16|   16|          0|
    |reg_241                 |  16|   16|          0|
    |reg_245                 |  32|   32|          0|
    |reg_250                 |  32|   32|          0|
    |reg_255                 |  32|   32|          0|
    |reg_261                 |  32|   32|          0|
    |reg_267                 |  32|   32|          0|
    |reg_272                 |  32|   32|          0|
    |reg_278                 |  32|   32|          0|
    |tmp0_1_reg_179          |  32|   32|          0|
    |tmp1_3_reg_169          |  32|   32|          0|
    |tmp2_reg_828            |  32|   32|          0|
    |tmp6_reg_787            |  11|   11|          0|
    |tmp_13_reg_732          |  32|   32|          0|
    |tmp_16_reg_737          |  32|   32|          0|
    |tmp_17_reg_747          |  32|   32|          0|
    |tmp_30_reg_823          |  32|   32|          0|
    |tmp_32_reg_813          |  32|   32|          0|
    |tmp_33_reg_818          |  32|   32|          0|
    |tmp_35_reg_834          |  32|   32|          0|
    |tmp_36_reg_844          |  32|   32|          0|
    |tmp_37_reg_839          |  32|   32|          0|
    |tmp_38_reg_849          |  32|   32|          0|
    |tmp_46_reg_662          |  16|   22|          6|
    |tmp_49_reg_667          |  16|   22|          6|
    |tmp_59_reg_854          |  16|   16|          0|
    +------------------------+----+-----+-----------+
    |Total                   | 945|  999|         54|
    +------------------------+----+-----+-----------+



================================================================
== Interface
================================================================
* Summary: 
+----------------+-----+-----+-----------+---------------------+--------------+
|    RTL Ports   | Dir | Bits|  Protocol |    Source Object    |    C Type    |
+----------------+-----+-----+-----------+---------------------+--------------+
|ap_clk          |  in |    1|          -| gaussian_scalarized | return value |
|ap_rst          |  in |    1|          -| gaussian_scalarized | return value |
|ap_start        |  in |    1|          -| gaussian_scalarized | return value |
|ap_done         | out |    1|          -| gaussian_scalarized | return value |
|ap_idle         | out |    1|          -| gaussian_scalarized | return value |
|ap_ready        | out |    1|          -| gaussian_scalarized | return value |
|in_r_address0   | out |   21| ap_memory |         in_r        |     array    |
|in_r_ce0        | out |    1| ap_memory |         in_r        |     array    |
|in_r_q0         |  in |   16| ap_memory |         in_r        |     array    |
|in_r_address1   | out |   21| ap_memory |         in_r        |     array    |
|in_r_ce1        | out |    1| ap_memory |         in_r        |     array    |
|in_r_q1         |  in |   16| ap_memory |         in_r        |     array    |
|out_r_address0  | out |   21| ap_memory |        out_r        |     array    |
|out_r_ce0       | out |    1| ap_memory |        out_r        |     array    |
|out_r_we0       | out |    1| ap_memory |        out_r        |     array    |
|out_r_d0        | out |   16| ap_memory |        out_r        |     array    |
+----------------+-----+-----+-----------+---------------------+--------------+

