

================================================================
== Vivado HLS Report for 'gaussian_sep'
================================================================
* Date:           Mon Dec  5 11:38:48 2016

* Version:        2013.2 (build date: Thu Jun 13 16:07:59 PM 2013)
* Project:        gaussian
* Solution:       solution1
* Product family: zynq zynq_fpv6 
* Target device:  xc7z010clg400-1


================================================================
== Performance Estimates
================================================================
+ Timing (ns): 
    * Summary: 
    +---------+-------+----------+------------+
    |  Clock  | Target| Estimated| Uncertainty|
    +---------+-------+----------+------------+
    |default  |  10.00|      8.09|        1.25|
    +---------+-------+----------+------------+

+ Latency (clock cycles): 
    * Summary: 
    +----------+----------+----------+----------+---------+
    |       Latency       |       Interval      | Pipeline|
    |    min   |    max   |    min   |    max   |   Type  |
    +----------+----------+----------+----------+---------+
    |  89037598|  89037598|  89037598|  89037598|   none  |
    +----------+----------+----------+----------+---------+

    + Detail: 
        * Instance: 
        N/A

        * Loop: 
        +-------------+----------+----------+----------+-----------+-----------+------+----------+
        |             |       Latency       | Iteration|  Initiation Interval  | Trip |          |
        |  Loop Name  |    min   |    max   |  Latency |  achieved |   target  | Count| Pipelined|
        +-------------+----------+----------+----------+-----------+-----------+------+----------+
        |- Loop 1     |  47606636|  47606636|     44162|          -|          -|  1078|    no    |
        | + Loop 1.1  |     44160|     44160|        23|          -|          -|  1920|    no    |
        |- Loop 2     |  41430960|  41430960|     38362|          -|          -|  1080|    no    |
        | + Loop 2.1  |     38360|     38360|        20|          -|          -|  1918|    no    |
        +-------------+----------+----------+----------+-----------+-----------+------+----------+



================================================================
== Utilization Estimates
================================================================
* Summary: 
+-----------------+---------+-------+-------+-------+
|       Name      | BRAM_18K| DSP48E|   FF  |  LUT  |
+-----------------+---------+-------+-------+-------+
|Expression       |        -|      -|      0|    354|
|FIFO             |        -|      -|      -|      -|
|Instance         |        -|      8|   1405|   2592|
|Memory           |     4064|      -|      0|      0|
|Multiplexer      |        -|      -|      -|    230|
|Register         |        -|      -|    425|      -|
|ShiftMemory      |        -|      -|      -|      -|
+-----------------+---------+-------+-------+-------+
|Total            |     4064|      8|   1830|   3176|
+-----------------+---------+-------+-------+-------+
|Available        |      120|     80|  35200|  17600|
+-----------------+---------+-------+-------+-------+
|Utilization (%)  |     3386|     10|      5|     18|
+-----------------+---------+-------+-------+-------+

+ Detail: 
    * Instance: 
    +------------------------------------------+---------------------------------------+---------+-------+-----+-----+
    |                 Instance                 |                 Module                | BRAM_18K| DSP48E|  FF | LUT |
    +------------------------------------------+---------------------------------------+---------+-------+-----+-----+
    |gaussian_fadd_32ns_32ns_32_5_full_dsp_U1  |gaussian_fadd_32ns_32ns_32_5_full_dsp  |        0|      2|  205|  390|
    |gaussian_fmul_32ns_32ns_32_4_max_dsp_U2   |gaussian_fmul_32ns_32ns_32_4_max_dsp   |        0|      3|  143|  321|
    |gaussian_fmul_32ns_32ns_32_4_max_dsp_U3   |gaussian_fmul_32ns_32ns_32_4_max_dsp   |        0|      3|  143|  321|
    |gaussian_fptoui_32ns_64_4_U4              |gaussian_fptoui_32ns_64_4              |        0|      0|  234|  452|
    |gaussian_sitofp_64ns_32_6_U5              |gaussian_sitofp_64ns_32_6              |        0|      0|  340|  554|
    |gaussian_sitofp_64ns_32_6_U6              |gaussian_sitofp_64ns_32_6              |        0|      0|  340|  554|
    +------------------------------------------+---------------------------------------+---------+-------+-----+-----+
    |Total                                     |                                       |        0|      8| 1405| 2592|
    +------------------------------------------+---------------------------------------+---------+-------+-----+-----+

    * Memory: 
    +-------+------------------+---------+---------+-----+------+-------------+
    | Memory|      Module      | BRAM_18K|  Words  | Bits| Banks| W*Bits*Banks|
    +-------+------------------+---------+---------+-----+------+-------------+
    |tmp_U  |gaussian_sep_tmp  |     4064|  2073600|   32|     1|     66355200|
    +-------+------------------+---------+---------+-----+------+-------------+
    |Total  |                  |     4064|  2073600|   32|     1|     66355200|
    +-------+------------------+---------+---------+-----+------+-------------+

    * FIFO: 
    N/A

    * Shift register: 
    N/A

    * Expression: 
    +---------------------+----------+-------+---+----+------------+------------+
    |    Variable Name    | Operation| DSP48E| FF| LUT| Bitwidth P0| Bitwidth P1|
    +---------------------+----------+-------+---+----+------------+------------+
    |i_2_fu_424_p2        |     +    |      0|  0|  11|          11|           1|
    |i_fu_234_p2          |     +    |      0|  0|  11|          11|           1|
    |j_1_fu_436_p2        |     +    |      0|  0|  11|          11|           1|
    |j_2_fu_252_p2        |     +    |      0|  0|  11|          11|           1|
    |p_addr1_fu_390_p2    |     +    |      0|  0|  24|          24|          24|
    |p_addr4_fu_343_p2    |     +    |      0|  0|  24|          24|          24|
    |p_addr7_fu_296_p2    |     +    |      0|  0|  24|          24|          24|
    |tmp8_fu_430_p2       |     +    |      0|  0|  11|          11|           2|
    |tmp_1_1_fu_228_p2    |     +    |      0|  0|  11|          11|           2|
    |tmp_addr2_fu_486_p2  |     +    |      0|  0|  24|          24|          24|
    |tmp_addr3_fu_505_p2  |     +    |      0|  0|  24|          24|          24|
    |tmp_addr4_fu_524_p2  |     +    |      0|  0|  24|          24|          24|
    |p_addr3_fu_333_p2    |     -    |      0|  0|  23|          23|          23|
    |p_addr6_fu_286_p2    |     -    |      0|  0|  23|          23|          23|
    |p_addr_fu_380_p2     |     -    |      0|  0|  23|          23|          23|
    |tmp_addr1_fu_476_p2  |     -    |      0|  0|  23|          23|          23|
    |exitcond1_fu_240_p2  |   icmp   |      0|  0|  13|          11|          11|
    |exitcond2_fu_246_p2  |   icmp   |      0|  0|  13|          11|           9|
    |exitcond3_fu_442_p2  |   icmp   |      0|  0|  13|          11|           9|
    |exitcond_fu_418_p2   |   icmp   |      0|  0|  13|          11|          11|
    +---------------------+----------+-------+---+----+------------+------------+
    |Total                |          |      0|  0| 354|         346|         284|
    +---------------------+----------+-------+---+----+------------+------------+

    * Multiplexer: 
    +-----------------+----+-----------+-----+-----------+
    |       Name      | LUT| Input Size| Bits| Total Bits|
    +-----------------+----+-----------+-----+-----------+
    |grp_fu_171_p0    |  32|          2|   32|         64|
    |grp_fu_171_p1    |  32|          2|   32|         64|
    |grp_fu_175_p0    |  32|          2|   32|         64|
    |grp_fu_180_p0    |  32|          2|   32|         64|
    |grp_fu_190_p0    |  16|          2|   16|         32|
    |i_1_reg_147      |  11|          2|   11|         22|
    |in_r_address0    |  21|          2|   21|         42|
    |indvar3_reg_124  |  11|          2|   11|         22|
    |indvar_reg_159   |  11|          2|   11|         22|
    |j_reg_136        |  11|          2|   11|         22|
    |tmp_address0     |  21|          3|   21|         63|
    +-----------------+----+-----------+-----+-----------+
    |Total            | 230|         23|  230|        481|
    +-----------------+----+-----------+-----+-----------+

    * Register: 
    +-------------------+----+-----+-----------+
    |        Name       | FF | Bits| Const Bits|
    +-------------------+----+-----+-----------+
    |ap_CS_fsm          |   6|    6|          0|
    |i_1_reg_147        |  11|   11|          0|
    |i_2_reg_619        |  11|   11|          0|
    |i_reg_548          |  11|   11|          0|
    |in_load_1_reg_586  |  16|   16|          0|
    |indvar3_reg_124    |  11|   11|          0|
    |indvar_reg_159     |  11|   11|          0|
    |j_1_reg_624        |  11|   11|          0|
    |j_2_reg_561        |  11|   11|          0|
    |j_reg_136          |  11|   11|          0|
    |p_addr1_reg_581    |  24|   24|          0|
    |reg_196            |  16|   16|          0|
    |reg_200            |  32|   32|          0|
    |reg_205            |  32|   32|          0|
    |reg_211            |  32|   32|          0|
    |reg_216            |  32|   32|          0|
    |tmp_16_reg_571     |  32|   64|         32|
    |tmp_1_1_reg_542    |  11|   11|          0|
    |tmp_1_2_reg_662    |  16|   16|          0|
    |tmp_29_reg_637     |  32|   64|         32|
    |tmp_addr4_reg_647  |  24|   24|          0|
    |tmp_s_reg_606      |  32|   32|          0|
    +-------------------+----+-----+-----------+
    |Total              | 425|  489|         64|
    +-------------------+----+-----+-----------+



================================================================
== Interface
================================================================
* Summary: 
+----------------+-----+-----+-----------+--------------+--------------+
|    RTL Ports   | Dir | Bits|  Protocol | Source Object|    C Type    |
+----------------+-----+-----+-----------+--------------+--------------+
|ap_clk          |  in |    1|          -| gaussian_sep | return value |
|ap_rst          |  in |    1|          -| gaussian_sep | return value |
|ap_start        |  in |    1|          -| gaussian_sep | return value |
|ap_done         | out |    1|          -| gaussian_sep | return value |
|ap_idle         | out |    1|          -| gaussian_sep | return value |
|ap_ready        | out |    1|          -| gaussian_sep | return value |
|in_r_address0   | out |   21| ap_memory |     in_r     |     array    |
|in_r_ce0        | out |    1| ap_memory |     in_r     |     array    |
|in_r_q0         |  in |   16| ap_memory |     in_r     |     array    |
|in_r_address1   | out |   21| ap_memory |     in_r     |     array    |
|in_r_ce1        | out |    1| ap_memory |     in_r     |     array    |
|in_r_q1         |  in |   16| ap_memory |     in_r     |     array    |
|out_r_address0  | out |   21| ap_memory |     out_r    |     array    |
|out_r_ce0       | out |    1| ap_memory |     out_r    |     array    |
|out_r_we0       | out |    1| ap_memory |     out_r    |     array    |
|out_r_d0        | out |   16| ap_memory |     out_r    |     array    |
+----------------+-----+-----+-----------+--------------+--------------+

