

================================================================
== Vivado HLS Report for 'gaussian_scalarized'
================================================================
* Date:           Tue Dec 13 13:04:11 2016

* Version:        2013.2 (build date: Thu Jun 13 16:07:59 PM 2013)
* Project:        gaussian
* Solution:       solution1
* Product family: zynq zynq_fpv6 
* Target device:  xc7z010clg400-1


================================================================
== Performance Estimates
================================================================
+ Timing (ns): 
    * Summary: 
    +---------+-------+----------+------------+
    |  Clock  | Target| Estimated| Uncertainty|
    +---------+-------+----------+------------+
    |default  |  10.00|      7.26|        1.25|
    +---------+-------+----------+------------+

+ Latency (clock cycles): 
    * Summary: 
    +----------+----------+----------+----------+---------+
    |       Latency       |       Interval      | Pipeline|
    |    min   |    max   |    min   |    max   |   Type  |
    +----------+----------+----------+----------+---------+
    |  74529768|  74529768|  74529768|  74529768|   none  |
    +----------+----------+----------+----------+---------+

    + Detail: 
        * Instance: 
        N/A

        * Loop: 
        +-------------+----------+----------+----------+-----------+-----------+------+----------+
        |             |       Latency       | Iteration|  Initiation Interval  | Trip |          |
        |  Loop Name  |    min   |    max   |  Latency |  achieved |   target  | Count| Pipelined|
        +-------------+----------+----------+----------+-----------+-----------+------+----------+
        |- Loop 1     |  74529767|  74529767|     69073|          -|          -|  1079|    no    |
        | + Loop 1.1  |     69048|     69048|        36|          -|          -|  1918|    no    |
        +-------------+----------+----------+----------+-----------+-----------+------+----------+



================================================================
== Utilization Estimates
================================================================
* Summary: 
+-----------------+---------+-------+-------+-------+
|       Name      | BRAM_18K| DSP48E|   FF  |  LUT  |
+-----------------+---------+-------+-------+-------+
|Expression       |        -|      -|      0|    235|
|FIFO             |        -|      -|      -|      -|
|Instance         |        -|     16|   2576|   4732|
|Memory           |        -|      -|      -|      -|
|Multiplexer      |        -|      -|      -|    369|
|Register         |        -|      -|    768|      -|
|ShiftMemory      |        -|      -|      -|      -|
+-----------------+---------+-------+-------+-------+
|Total            |        0|     16|   3344|   5336|
+-----------------+---------+-------+-------+-------+
|Available        |      120|     80|  35200|  17600|
+-----------------+---------+-------+-------+-------+
|Utilization (%)  |        0|     20|      9|     30|
+-----------------+---------+-------+-------+-------+

+ Detail: 
    * Instance: 
    +------------------------------------------+---------------------------------------+---------+-------+-----+-----+
    |                 Instance                 |                 Module                | BRAM_18K| DSP48E|  FF | LUT |
    +------------------------------------------+---------------------------------------+---------+-------+-----+-----+
    |gaussian_fadd_32ns_32ns_32_5_full_dsp_U1  |gaussian_fadd_32ns_32ns_32_5_full_dsp  |        0|      2|  205|  390|
    |gaussian_fadd_32ns_32ns_32_5_full_dsp_U2  |gaussian_fadd_32ns_32ns_32_5_full_dsp  |        0|      2|  205|  390|
    |gaussian_fmul_32ns_32ns_32_4_max_dsp_U3   |gaussian_fmul_32ns_32ns_32_4_max_dsp   |        0|      3|  143|  321|
    |gaussian_fmul_32ns_32ns_32_4_max_dsp_U4   |gaussian_fmul_32ns_32ns_32_4_max_dsp   |        0|      3|  143|  321|
    |gaussian_fmul_32ns_32ns_32_4_max_dsp_U5   |gaussian_fmul_32ns_32ns_32_4_max_dsp   |        0|      3|  143|  321|
    |gaussian_fmul_32ns_32ns_32_4_max_dsp_U6   |gaussian_fmul_32ns_32ns_32_4_max_dsp   |        0|      3|  143|  321|
    |gaussian_fptoui_32ns_64_4_U7              |gaussian_fptoui_32ns_64_4              |        0|      0|  234|  452|
    |gaussian_sitofp_64ns_32_6_U8              |gaussian_sitofp_64ns_32_6              |        0|      0|  340|  554|
    |gaussian_sitofp_64ns_32_6_U9              |gaussian_sitofp_64ns_32_6              |        0|      0|  340|  554|
    |gaussian_sitofp_64ns_32_6_U10             |gaussian_sitofp_64ns_32_6              |        0|      0|  340|  554|
    |gaussian_sitofp_64ns_32_6_U11             |gaussian_sitofp_64ns_32_6              |        0|      0|  340|  554|
    +------------------------------------------+---------------------------------------+---------+-------+-----+-----+
    |Total                                     |                                       |        0|     16| 2576| 4732|
    +------------------------------------------+---------------------------------------+---------+-------+-----+-----+

    * Memory: 
    N/A

    * FIFO: 
    N/A

    * Shift register: 
    N/A

    * Expression: 
    +---------------------+----------+-------+---+----+------------+------------+
    |    Variable Name    | Operation| DSP48E| FF| LUT| Bitwidth P0| Bitwidth P1|
    +---------------------+----------+-------+---+----+------------+------------+
    |i_fu_284_p2          |     +    |      0|  0|  11|          11|           1|
    |j_fu_533_p2          |     +    |      0|  0|  11|          11|           2|
    |p_addr1_fu_577_p2    |     +    |      0|  0|  24|          24|          24|
    |p_addr4_fu_563_p2    |     +    |      0|  0|  24|          24|          24|
    |p_addr7_fu_549_p2    |     +    |      0|  0|  24|          24|          24|
    |p_addr9_fu_586_p2    |     +    |      0|  0|  24|          24|          24|
    |tmp6_fu_527_p2       |     +    |      0|  0|  11|          11|           1|
    |tmp_fu_278_p2        |     +    |      0|  0|  11|          11|           2|
    |p_addr2_fu_359_p2    |     -    |      0|  0|  23|          23|          23|
    |p_addr3_fu_466_p2    |     -    |      0|  0|  23|          23|          23|
    |p_addr_fu_320_p2     |     -    |      0|  0|  23|          23|          23|
    |exitcond1_fu_539_p2  |   icmp   |      0|  0|  13|          11|           9|
    |exitcond_fu_290_p2   |   icmp   |      0|  0|  13|          11|          11|
    +---------------------+----------+-------+---+----+------------+------------+
    |Total                |          |      0|  0| 235|         231|         191|
    +---------------------+----------+-------+---+----+------------+------------+

    * Multiplexer: 
    +-----------------+----+-----------+-----+-----------+
    |       Name      | LUT| Input Size| Bits| Total Bits|
    +-----------------+----+-----------+-----+-----------+
    |grp_fu_177_p0    |  32|          4|   32|        128|
    |grp_fu_177_p1    |  32|          2|   32|         64|
    |grp_fu_181_p0    |  32|          2|   32|         64|
    |grp_fu_181_p1    |  32|          2|   32|         64|
    |grp_fu_185_p0    |  32|          3|   32|         96|
    |grp_fu_190_p0    |  32|          2|   32|         64|
    |grp_fu_190_p1    |  17|          2|   17|         34|
    |grp_fu_211_p0    |  16|          4|   16|         64|
    |grp_fu_214_p0    |  16|          3|   16|         48|
    |in_r_address0    |  21|          5|   21|        105|
    |in_r_address1    |  21|          4|   21|         84|
    |indvar1_reg_133  |  11|          2|   11|         22|
    |indvar_reg_144   |  11|          2|   11|         22|
    |tmp0_1_reg_165   |  32|          2|   32|         64|
    |tmp0_2_reg_155   |  32|          2|   32|         64|
    +-----------------+----+-----------+-----+-----------+
    |Total            | 369|         41|  369|        987|
    +-----------------+----+-----------+-----+-----------+

    * Register: 
    +-----------------------+----+-----+-----------+
    |          Name         | FF | Bits| Const Bits|
    +-----------------------+----+-----+-----------+
    |ap_CS_fsm              |   6|    6|          0|
    |i_reg_632              |  11|   11|          0|
    |in_load_3_reg_680      |  16|   16|          0|
    |in_load_4_reg_685      |  16|   16|          0|
    |indvar1_reg_133        |  11|   11|          0|
    |indvar_reg_144         |  11|   11|          0|
    |p_addr1_reg_789        |  24|   24|          0|
    |p_addr2_cast1_reg_760  |  17|   24|          7|
    |p_addr2_reg_650        |  16|   23|          7|
    |p_addr3_cast1_reg_766  |  17|   24|          7|
    |p_addr3_reg_710        |  16|   23|          7|
    |p_addr9_reg_794        |  24|   24|          0|
    |p_addr_cast1_reg_755   |  17|   24|          7|
    |p_addr_reg_640         |  16|   23|          7|
    |reg_223                |  16|   16|          0|
    |reg_227                |  16|   16|          0|
    |reg_231                |  32|   32|          0|
    |reg_236                |  32|   32|          0|
    |reg_241                |  32|   32|          0|
    |reg_247                |  32|   32|          0|
    |reg_253                |  32|   32|          0|
    |reg_259                |  32|   32|          0|
    |reg_265                |  32|   32|          0|
    |reg_271                |  32|   32|          0|
    |tmp0_1_reg_165         |  32|   32|          0|
    |tmp0_2_reg_155         |  32|   32|          0|
    |tmp6_reg_771           |  11|   11|          0|
    |tmp_13_reg_730         |  32|   32|          0|
    |tmp_14_reg_745         |  32|   32|          0|
    |tmp_16_reg_735         |  32|   32|          0|
    |tmp_17_reg_750         |  32|   32|          0|
    |tmp_45_reg_660         |  16|   22|          6|
    |tmp_48_reg_665         |  16|   22|          6|
    |tmp_58_reg_819         |  16|   16|          0|
    |tmp_reg_626            |  11|   11|          0|
    +-----------------------+----+-----+-----------+
    |Total                  | 768|  822|         54|
    +-----------------------+----+-----+-----------+



================================================================
== Interface
================================================================
* Summary: 
+----------------+-----+-----+-----------+---------------------+--------------+
|    RTL Ports   | Dir | Bits|  Protocol |    Source Object    |    C Type    |
+----------------+-----+-----+-----------+---------------------+--------------+
|ap_clk          |  in |    1|          -| gaussian_scalarized | return value |
|ap_rst          |  in |    1|          -| gaussian_scalarized | return value |
|ap_start        |  in |    1|          -| gaussian_scalarized | return value |
|ap_done         | out |    1|          -| gaussian_scalarized | return value |
|ap_idle         | out |    1|          -| gaussian_scalarized | return value |
|ap_ready        | out |    1|          -| gaussian_scalarized | return value |
|in_r_address0   | out |   21| ap_memory |         in_r        |     array    |
|in_r_ce0        | out |    1| ap_memory |         in_r        |     array    |
|in_r_q0         |  in |   16| ap_memory |         in_r        |     array    |
|in_r_address1   | out |   21| ap_memory |         in_r        |     array    |
|in_r_ce1        | out |    1| ap_memory |         in_r        |     array    |
|in_r_q1         |  in |   16| ap_memory |         in_r        |     array    |
|out_r_address0  | out |   21| ap_memory |        out_r        |     array    |
|out_r_ce0       | out |    1| ap_memory |        out_r        |     array    |
|out_r_we0       | out |    1| ap_memory |        out_r        |     array    |
|out_r_d0        | out |   16| ap_memory |        out_r        |     array    |
+----------------+-----+-----+-----------+---------------------+--------------+

